Archive member included to satisfy reference by file (symbol)

C:/Users/wassi/OneDrive/Documents/STM32CubeIDE/plugins/com.st.stm32cube.ide.mcu.externaltools.gnu-tools-for-stm32.12.3.rel1.win32_1.1.0.202410251130/tools/bin/../lib/gcc/arm-none-eabi/12.3.1/../../../../arm-none-eabi/lib/thumb/v7-m/nofp\libc_nano.a(libc_a-exit.o)
                              C:/Users/wassi/OneDrive/Documents/STM32CubeIDE/plugins/com.st.stm32cube.ide.mcu.externaltools.gnu-tools-for-stm32.12.3.rel1.win32_1.1.0.202410251130/tools/bin/../lib/gcc/arm-none-eabi/12.3.1/../../../../arm-none-eabi/lib/thumb/v7-m/nofp/crt0.o (exit)
C:/Users/wassi/OneDrive/Documents/STM32CubeIDE/plugins/com.st.stm32cube.ide.mcu.externaltools.gnu-tools-for-stm32.12.3.rel1.win32_1.1.0.202410251130/tools/bin/../lib/gcc/arm-none-eabi/12.3.1/../../../../arm-none-eabi/lib/thumb/v7-m/nofp\libc_nano.a(libc_a-findfp.o)
                              C:/Users/wassi/OneDrive/Documents/STM32CubeIDE/plugins/com.st.stm32cube.ide.mcu.externaltools.gnu-tools-for-stm32.12.3.rel1.win32_1.1.0.202410251130/tools/bin/../lib/gcc/arm-none-eabi/12.3.1/../../../../arm-none-eabi/lib/thumb/v7-m/nofp\libc_nano.a(libc_a-exit.o) (__stdio_exit_handler)
C:/Users/wassi/OneDrive/Documents/STM32CubeIDE/plugins/com.st.stm32cube.ide.mcu.externaltools.gnu-tools-for-stm32.12.3.rel1.win32_1.1.0.202410251130/tools/bin/../lib/gcc/arm-none-eabi/12.3.1/../../../../arm-none-eabi/lib/thumb/v7-m/nofp\libc_nano.a(libc_a-fwalk.o)
                              C:/Users/wassi/OneDrive/Documents/STM32CubeIDE/plugins/com.st.stm32cube.ide.mcu.externaltools.gnu-tools-for-stm32.12.3.rel1.win32_1.1.0.202410251130/tools/bin/../lib/gcc/arm-none-eabi/12.3.1/../../../../arm-none-eabi/lib/thumb/v7-m/nofp\libc_nano.a(libc_a-findfp.o) (_fwalk_sglue)
C:/Users/wassi/OneDrive/Documents/STM32CubeIDE/plugins/com.st.stm32cube.ide.mcu.externaltools.gnu-tools-for-stm32.12.3.rel1.win32_1.1.0.202410251130/tools/bin/../lib/gcc/arm-none-eabi/12.3.1/../../../../arm-none-eabi/lib/thumb/v7-m/nofp\libc_nano.a(libc_a-stdio.o)
                              C:/Users/wassi/OneDrive/Documents/STM32CubeIDE/plugins/com.st.stm32cube.ide.mcu.externaltools.gnu-tools-for-stm32.12.3.rel1.win32_1.1.0.202410251130/tools/bin/../lib/gcc/arm-none-eabi/12.3.1/../../../../arm-none-eabi/lib/thumb/v7-m/nofp\libc_nano.a(libc_a-findfp.o) (__sread)
C:/Users/wassi/OneDrive/Documents/STM32CubeIDE/plugins/com.st.stm32cube.ide.mcu.externaltools.gnu-tools-for-stm32.12.3.rel1.win32_1.1.0.202410251130/tools/bin/../lib/gcc/arm-none-eabi/12.3.1/../../../../arm-none-eabi/lib/thumb/v7-m/nofp\libc_nano.a(libc_a-memset.o)
                              C:/Users/wassi/OneDrive/Documents/STM32CubeIDE/plugins/com.st.stm32cube.ide.mcu.externaltools.gnu-tools-for-stm32.12.3.rel1.win32_1.1.0.202410251130/tools/bin/../lib/gcc/arm-none-eabi/12.3.1/../../../../arm-none-eabi/lib/thumb/v7-m/nofp/crt0.o (memset)
C:/Users/wassi/OneDrive/Documents/STM32CubeIDE/plugins/com.st.stm32cube.ide.mcu.externaltools.gnu-tools-for-stm32.12.3.rel1.win32_1.1.0.202410251130/tools/bin/../lib/gcc/arm-none-eabi/12.3.1/../../../../arm-none-eabi/lib/thumb/v7-m/nofp\libc_nano.a(libc_a-closer.o)
                              C:/Users/wassi/OneDrive/Documents/STM32CubeIDE/plugins/com.st.stm32cube.ide.mcu.externaltools.gnu-tools-for-stm32.12.3.rel1.win32_1.1.0.202410251130/tools/bin/../lib/gcc/arm-none-eabi/12.3.1/../../../../arm-none-eabi/lib/thumb/v7-m/nofp\libc_nano.a(libc_a-stdio.o) (_close_r)
C:/Users/wassi/OneDrive/Documents/STM32CubeIDE/plugins/com.st.stm32cube.ide.mcu.externaltools.gnu-tools-for-stm32.12.3.rel1.win32_1.1.0.202410251130/tools/bin/../lib/gcc/arm-none-eabi/12.3.1/../../../../arm-none-eabi/lib/thumb/v7-m/nofp\libc_nano.a(libc_a-reent.o)
                              C:/Users/wassi/OneDrive/Documents/STM32CubeIDE/plugins/com.st.stm32cube.ide.mcu.externaltools.gnu-tools-for-stm32.12.3.rel1.win32_1.1.0.202410251130/tools/bin/../lib/gcc/arm-none-eabi/12.3.1/../../../../arm-none-eabi/lib/thumb/v7-m/nofp\libc_nano.a(libc_a-closer.o) (errno)
C:/Users/wassi/OneDrive/Documents/STM32CubeIDE/plugins/com.st.stm32cube.ide.mcu.externaltools.gnu-tools-for-stm32.12.3.rel1.win32_1.1.0.202410251130/tools/bin/../lib/gcc/arm-none-eabi/12.3.1/../../../../arm-none-eabi/lib/thumb/v7-m/nofp\libc_nano.a(libc_a-impure.o)
                              C:/Users/wassi/OneDrive/Documents/STM32CubeIDE/plugins/com.st.stm32cube.ide.mcu.externaltools.gnu-tools-for-stm32.12.3.rel1.win32_1.1.0.202410251130/tools/bin/../lib/gcc/arm-none-eabi/12.3.1/../../../../arm-none-eabi/lib/thumb/v7-m/nofp\libc_nano.a(libc_a-reent.o) (_impure_ptr)
C:/Users/wassi/OneDrive/Documents/STM32CubeIDE/plugins/com.st.stm32cube.ide.mcu.externaltools.gnu-tools-for-stm32.12.3.rel1.win32_1.1.0.202410251130/tools/bin/../lib/gcc/arm-none-eabi/12.3.1/../../../../arm-none-eabi/lib/thumb/v7-m/nofp\libc_nano.a(libc_a-lseekr.o)
[...]
Memory Configuration

Name             Origin             Length             Attributes
RAM              0x20000000         0x00005000         xrw
FLASH            0x08000000         0x00010000         xr
*default*        0x00000000         0xffffffff

Linker script and memory map

LOAD C:/Users/wassi/OneDrive/Documents/STM32CubeIDE/plugins/com.st.stm32cube.ide.mcu.externaltools.gnu-tools-for-stm32.12.3.rel1.win32_1.1.0.202410251130/tools/bin/../lib/gcc/arm-none-eabi/12.3.1/thumb/v7-m/nofp/crti.o
LOAD C:/Users/wassi/OneDrive/Documents/STM32CubeIDE/plugins/com.st.stm32cube.ide.mcu.externaltools.gnu-tools-for-stm32.12.3.rel1.win32_1.1.0.202410251130/tools/bin/../lib/gcc/arm-none-eabi/12.3.1/thumb/v7-m/nofp/crtbegin.o
LOAD C:/Users/wassi/OneDrive/Documents/STM32CubeIDE/plugins/com.st.stm32cube.ide.mcu.externaltools.gnu-tools-for-stm32.12.3.rel1.win32_1.1.0.202410251130/tools/bin/../lib/gcc/arm-none-eabi/12.3.1/../../../../arm-none-eabi/lib/thumb/v7-m/nofp/crt0.o
LOAD ./Src/main.o
LOAD ./Src/syscalls.o
LOAD ./Src/sysmem.o
LOAD ./Src/system_stm32f1xx.o
LOAD ./Startup/startup_stm32f103c8tx.o
START GROUP
LOAD C:/Users/wassi/OneDrive/Documents/STM32CubeIDE/plugins/com.st.stm32cube.ide.mcu.externaltools.gnu-tools-for-stm32.12.3.rel1.win32_1.1.0.202410251130/tools/bin/../lib/gcc/arm-none-eabi/12.3.1/../../../../arm-none-eabi/lib/thumb/v7-m/nofp\libc_nano.a
LOAD C:/Users/wassi/OneDrive/Documents/STM32CubeIDE/plugins/com.st.stm32cube.ide.mcu.externaltools.gnu-tools-for-stm32.12.3.rel1.win32_1.1.0.202410251130/tools/bin/../lib/gcc/arm-none-eabi/12.3.1/../../../../arm-none-eabi/lib/thumb/v7-m/nofp\libm.a
END GROUP
START GROUP
LOAD C:/Users/wassi/OneDrive/Documents/STM32CubeIDE/plugins/com.st.stm32cube.ide.mcu.externaltools.gnu-tools-for-stm32.12.3.rel1.win32_1.1.0.202410251130/tools/bin/../lib/gcc/arm-none-eabi/12.3.1/thumb/v7-m/nofp\libgcc.a
LOAD C:/Users/wassi/OneDrive/Documents/STM32CubeIDE/plugins/com.st.stm32cube.ide.mcu.externaltools.gnu-tools-for-stm32.12.3.rel1.win32_1.1.0.202410251130/tools/bin/../lib/gcc/arm-none-eabi/12.3.1/../../../../arm-none-eabi/lib/thumb/v7-m/nofp\libc_nano.a
END GROUP
START GROUP
LOAD C:/Users/wassi/OneDrive/Documents/STM32CubeIDE/plugins/com.st.stm32cube.ide.mcu.externaltools.gnu-tools-for-stm32.12.3.rel1.win32_1.1.0.202410251130/tools/bin/../lib/gcc/arm-none-eabi/12.3.1/thumb/v7-m/nofp\libgcc.a
LOAD C:/Users/wassi/OneDrive/Documents/STM32CubeIDE/plugins/com.st.stm32cube.ide.mcu.externaltools.gnu-tools-for-stm32.12.3.rel1.win32_1.1.0.202410251130/tools/bin/../lib/gcc/arm-none-eabi/12.3.1/../../../../arm-none-eabi/lib/thumb/v7-m/nofp\libc_nano.a
LOAD C:/Users/wassi/OneDrive/Documents/STM32CubeIDE/plugins/com.st.stm32cube.ide.mcu.externaltools.gnu-tools-for-stm32.12.3.rel1.win32_1.1.0.202410251130/tools/bin/../lib/gcc/arm-none-eabi/12.3.1/../../../../arm-none-eabi/lib/thumb/v7-m/nofp\libnosys.a
END GROUP
START GROUP
LOAD C:/Users/wassi/OneDrive/Documents/STM32CubeIDE/plugins/com.st.stm32cube.ide.mcu.externaltools.gnu-tools-for-stm32.12.3.rel1.win32_1.1.0.202410251130/tools/bin/../lib/gcc/arm-none-eabi/12.3.1/thumb/v7-m/nofp\libgcc.a
LOAD C:/Users/wassi/OneDrive/Documents/STM32CubeIDE/plugins/com.st.stm32cube.ide.mcu.externaltools.gnu-tools-for-stm32.12.3.rel1.win32_1.1.0.202410251130/tools/bin/../lib/gcc/arm-none-eabi/12.3.1/../../../../arm-none-eabi/lib/thumb/v7-m/nofp\libc_nano.a
LOAD C:/Users/wassi/OneDrive/Documents/STM32CubeIDE/plugins/com.st.stm32cube.ide.mcu.externaltools.gnu-tools-for-stm32.12.3.rel1.win32_1.1.0.202410251130/tools/bin/../lib/gcc/arm-none-eabi/12.3.1/../../../../arm-none-eabi/lib/thumb/v7-m/nofp\libnosys.a
END GROUP
LOAD C:/Users/wassi/OneDrive/Documents/STM32CubeIDE/plugins/com.st.stm32cube.ide.mcu.externaltools.gnu-tools-for-stm32.12.3.rel1.win32_1.1.0.202410251130/tools/bin/../lib/gcc/arm-none-eabi/12.3.1/thumb/v7-m/nofp/crtend.o
LOAD C:/Users/wassi/OneDrive/Documents/STM32CubeIDE/plugins/com.st.stm32cube.ide.mcu.externaltools.gnu-tools-for-stm32.12.3.rel1.win32_1.1.0.202410251130/tools/bin/../lib/gcc/arm-none-eabi/12.3.1/thumb/v7-m/nofp/crtn.o
                0x20005000                        _estack = (ORIGIN (RAM) + LENGTH (RAM))
                0x00000200                        _Min_Heap_Size = 0x200
                0x00000400                        _Min_Stack_Size = 0x400

.isr_vector     0x08000000      0x130
                0x08000000                        . = ALIGN (0x4)
 *(.isr_vector)
 .isr_vector    0x08000000      0x130 ./Startup/startup_stm32f103c8tx.o
                0x08000000                g_pfnVectors
                0x08000130                        . = ALIGN (0x4)

.text           0x08000130      0x590
                0x08000130                        . = ALIGN (0x4)
 *(.text)
 .text          0x08000130       0x40 C:/Users/wassi/OneDrive/Documents/STM32CubeIDE/plugins/com.st.stm32cube.ide.mcu.externaltools.gnu-tools-for-stm32.12.3.rel1.win32_1.1.0.202410251130/tools/bin/../lib/gcc/arm-none-eabi/12.3.1/thumb/v7-m/nofp/crtbegin.o
 .text          0x08000170       0x14 C:/Users/wassi/OneDrive/Documents/STM32CubeIDE/plugins/com.st.stm32cube.ide.mcu.externaltools.gnu-tools-for-stm32.12.3.rel1.win32_1.1.0.202410251130/tools/bin/../lib/gcc/arm-none-eabi/12.3.1/../../../../arm-none-eabi/lib/thumb/v7-m/nofp\libc_nano.a(libc_a-strcmp.o)
                0x08000170                strcmp
 *(.text*)
 .text.__NVIC_EnableIRQ
                0x08000184       0x38 ./Src/main.o
 .text.UART1_GetChar
                0x080001bc       0x64 ./Src/main.o
                0x080001bc                UART1_GetChar
 .text.UART1_SendChar
                0x08000220       0x2c ./Src/main.o
                0x08000220                UART1_SendChar
 .text.UART1_SendString
                0x0800024c       0x2a ./Src/main.o
                0x0800024c                UART1_SendString
 *fill*         0x08000276        0x2 
 .text.USART1_IRQHandler
                0x08000278       0x6c ./Src/main.o
                0x08000278                USART1_IRQHandler
 .text.UART1_Init
                0x080002e4       0x78 ./Src/main.o
                0x080002e4                UART1_Init
 .text.LED_Init
                0x0800035c       0x44 ./Src/main.o
                0x0800035c                LED_Init
 .text.LED_On   0x080003a0       0x1c ./Src/main.o
                0x080003a0                LED_On
 .text.LED_Off  0x080003bc       0x1c ./Src/main.o
                0x080003bc                LED_Off
 .text.Command_Build
                0x080003d8       0x84 ./Src/main.o
                0x080003d8                Command_Build
 .text.Command_Execute
                0x0800045c       0xec ./Src/main.o
                0x0800045c                Command_Execute
 .text.main     0x08000548       0x5c ./Src/main.o
                0x08000548                main
 .text.SystemInit
                0x080005a4       0x68 ./Src/system_stm32f1xx.o
                0x080005a4                SystemInit
 .text.Reset_Handler
                0x0800060c       0x50 ./Startup/startup_stm32f103c8tx.o
                0x0800060c                Reset_Handler
 .text.Default_Handler
                0x0800065c        0x2 ./Startup/startup_stm32f103c8tx.o
                0x0800065c                EXTI2_IRQHandler
                0x0800065c                TIM8_TRG_COM_IRQHandler
                0x0800065c                TIM8_CC_IRQHandler
                0x0800065c                DebugMon_Handler
                0x0800065c                TIM1_CC_IRQHandler
                0x0800065c                HardFault_Handler
                0x0800065c                TIM6_IRQHandler
                0x0800065c                SysTick_Handler
                0x0800065c                PVD_IRQHandler
                0x0800065c                SDIO_IRQHandler
                0x0800065c                PendSV_Handler
                0x0800065c                NMI_Handler
                0x0800065c                EXTI3_IRQHandler
                0x0800065c                USB_HP_CAN_TX_IRQHandler
                0x0800065c                EXTI0_IRQHandler
                0x0800065c                I2C2_EV_IRQHandler
                0x0800065c                UsageFault_Handler
                0x0800065c                ADC1_2_IRQHandler
                0x0800065c                SPI1_IRQHandler
                0x0800065c                CAN_SCE_IRQHandler
                0x0800065c                TAMPER_IRQHandler
                0x0800065c                TIM8_UP_IRQHandler
                0x0800065c                DMA2_Channel2_IRQHandler
                0x0800065c                DMA1_Channel4_IRQHandler
                0x0800065c                USART3_IRQHandler
                0x0800065c                RTC_IRQHandler
                0x0800065c                DMA1_Channel7_IRQHandler
                0x0800065c                UART5_IRQHandler
                0x0800065c                ADC3_IRQHandler
                0x0800065c                TIM4_IRQHandler
                0x0800065c                CAN_RX1_IRQHandler
                0x0800065c                DMA2_Channel1_IRQHandler
                0x0800065c                I2C1_EV_IRQHandler
                0x0800065c                DMA1_Channel6_IRQHandler
                0x0800065c                UART4_IRQHandler
                0x0800065c                TIM3_IRQHandler
                0x0800065c                RCC_IRQHandler
                0x0800065c                TIM1_TRG_COM_IRQHandler
                0x0800065c                DMA1_Channel1_IRQHandler
                0x0800065c                Default_Handler
                0x0800065c                EXTI15_10_IRQHandler
                0x0800065c                TIM7_IRQHandler
                0x0800065c                TIM5_IRQHandler
                0x0800065c                EXTI9_5_IRQHandler
                0x0800065c                SPI2_IRQHandler
                0x0800065c                USB_LP_CAN_RX0_IRQHandler
                0x0800065c                MemManage_Handler
                0x0800065c                SVC_Handler
                0x0800065c                DMA1_Channel5_IRQHandler
                0x0800065c                EXTI4_IRQHandler
                0x0800065c                DMA1_Channel3_IRQHandler
                0x0800065c                FSMC_IRQHandler
                0x0800065c                TIM1_UP_IRQHandler
                0x0800065c                WWDG_IRQHandler
                0x0800065c                TIM2_IRQHandler
                0x0800065c                TIM1_BRK_IRQHandler
                0x0800065c                EXTI1_IRQHandler
                0x0800065c                RTCAlarm_IRQHandler
                0x0800065c                DMA2_Channel4_5_IRQHandler
                0x0800065c                USART2_IRQHandler
                0x0800065c                I2C2_ER_IRQHandler
                0x0800065c                DMA1_Channel2_IRQHandler
                0x0800065c                TIM8_BRK_IRQHandler
                0x0800065c                FLASH_IRQHandler
                0x0800065c                BusFault_Handler
                0x0800065c                SPI3_IRQHandler
                0x0800065c                I2C1_ER_IRQHandler
                0x0800065c                DMA2_Channel3_IRQHandler
 *fill*         0x0800065e        0x2 
 .text.__libc_init_array
                0x08000660       0x48 C:/Users/wassi/OneDrive/Documents/STM32CubeIDE/plugins/com.st.stm32cube.ide.mcu.externaltools.gnu-tools-for-stm32.12.3.rel1.win32_1.1.0.202410251130/tools/bin/../lib/gcc/arm-none-eabi/12.3.1/../../../../arm-none-eabi/lib/thumb/v7-m/nofp\libc_nano.a(libc_a-init.o)
                0x08000660                __libc_init_array
 *(.glue_7)
 .glue_7        0x080006a8        0x0 linker stubs
 *(.glue_7t)
 .glue_7t       0x080006a8        0x0 linker stubs
 *(.eh_frame)
 .eh_frame      0x080006a8        0x0 C:/Users/wassi/OneDrive/Documents/STM32CubeIDE/plugins/com.st.stm32cube.ide.mcu.externaltools.gnu-tools-for-stm32.12.3.rel1.win32_1.1.0.202410251130/tools/bin/../lib/gcc/arm-none-eabi/12.3.1/thumb/v7-m/nofp/crtbegin.o
 *(.init)
 .init          0x080006a8        0x4 C:/Users/wassi/OneDrive/Documents/STM32CubeIDE/plugins/com.st.stm32cube.ide.mcu.externaltools.gnu-tools-for-stm32.12.3.rel1.win32_1.1.0.202410251130/tools/bin/../lib/gcc/arm-none-eabi/12.3.1/thumb/v7-m/nofp/crti.o
                0x080006a8                _init
 .init          0x080006ac        0x8 C:/Users/wassi/OneDrive/Documents/STM32CubeIDE/plugins/com.st.stm32cube.ide.mcu.externaltools.gnu-tools-for-stm32.12.3.rel1.win32_1.1.0.202410251130/tools/bin/../lib/gcc/arm-none-eabi/12.3.1/thumb/v7-m/nofp/crtn.o
 *(.fini)
 .fini          0x080006b4        0x4 C:/Users/wassi/OneDrive/Documents/STM32CubeIDE/plugins/com.st.stm32cube.ide.mcu.externaltools.gnu-tools-for-stm32.12.3.rel1.win32_1.1.0.202410251130/tools/bin/../lib/gcc/arm-none-eabi/12.3.1/thumb/v7-m/nofp/crti.o
                0x080006b4                _fini
 .fini          0x080006b8        0x8 C:/Users/wassi/OneDrive/Documents/STM32CubeIDE/plugins/com.st.stm32cube.ide.mcu.externaltools.gnu-tools-for-stm32.12.3.rel1.win32_1.1.0.202410251130/tools/bin/../lib/gcc/arm-none-eabi/12.3.1/thumb/v7-m/nofp/crtn.o
                0x080006c0                        . = ALIGN (0x4)
                0x080006c0                        _etext = .

.vfp11_veneer   0x080006c0        0x0
 .vfp11_veneer  0x080006c0        0x0 linker stubs

.v4_bx          0x080006c0        0x0
 .v4_bx         0x080006c0        0x0 linker stubs

.iplt           0x080006c0        0x0
 .iplt          0x080006c0        0x0 C:/Users/wassi/OneDrive/Documents/STM32CubeIDE/plugins/com.st.stm32cube.ide.mcu.externaltools.gnu-tools-for-stm32.12.3.rel1.win32_1.1.0.202410251130/tools/bin/../lib/gcc/arm-none-eabi/12.3.1/thumb/v7-m/nofp/crtbegin.o

.rodata         0x080006c0       0xe0
                0x080006c0                        . = ALIGN (0x4)
 *(.rodata)
 .rodata        0x080006c0       0xdf ./Src/main.o
 *(.rodata*)
                0x080007a0                        . = ALIGN (0x4)
 *fill*         0x0800079f        0x1 

.ARM.extab      0x080007a0        0x0
                0x080007a0                        . = ALIGN (0x4)
 *(.ARM.extab* .gnu.linkonce.armextab.*)
                0x080007a0                        . = ALIGN (0x4)

.ARM            0x080007a0        0x8
                0x080007a0                        . = ALIGN (0x4)
                0x080007a0                        __exidx_start = .
 *(.ARM.exidx*)
 .ARM.exidx     0x080007a0        0x8 C:/Users/wassi/OneDrive/Documents/STM32CubeIDE/plugins/com.st.stm32cube.ide.mcu.externaltools.gnu-tools-for-stm32.12.3.rel1.win32_1.1.0.202410251130/tools/bin/../lib/gcc/arm-none-eabi/12.3.1/../../../../arm-none-eabi/lib/thumb/v7-m/nofp\libc_nano.a(libc_a-strcmp.o)
                0x080007a8                        __exidx_end = .
                0x080007a8                        . = ALIGN (0x4)

.preinit_array  0x080007a8        0x0
                0x080007a8                        . = ALIGN (0x4)
                0x080007a8                        PROVIDE (__preinit_array_start = .)
 *(.preinit_array*)
                0x080007a8                        PROVIDE (__preinit_array_end = .)
                0x080007a8                        . = ALIGN (0x4)

.init_array     0x080007a8        0x4
                0x080007a8                        . = ALIGN (0x4)
                0x080007a8                        PROVIDE (__init_array_start = .)
 *(SORT_BY_NAME(.init_array.*))
 *(.init_array*)
 .init_array    0x080007a8        0x4 C:/Users/wassi/OneDrive/Documents/STM32CubeIDE/plugins/com.st.stm32cube.ide.mcu.externaltools.gnu-tools-for-stm32.12.3.rel1.win32_1.1.0.202410251130/tools/bin/../lib/gcc/arm-none-eabi/12.3.1/thumb/v7-m/nofp/crtbegin.o
                0x080007ac                        PROVIDE (__init_array_end = .)
                0x080007ac                        . = ALIGN (0x4)

.fini_array     0x080007ac        0x4
                0x080007ac                        . = ALIGN (0x4)
                [!provide]                        PROVIDE (__fini_array_start = .)
 *(SORT_BY_NAME(.fini_array.*))
 *(.fini_array*)
 .fini_array    0x080007ac        0x4 C:/Users/wassi/OneDrive/Documents/STM32CubeIDE/plugins/com.st.stm32cube.ide.mcu.externaltools.gnu-tools-for-stm32.12.3.rel1.win32_1.1.0.202410251130/tools/bin/../lib/gcc/arm-none-eabi/12.3.1/thumb/v7-m/nofp/crtbegin.o
                [!provide]                        PROVIDE (__fini_array_end = .)
                0x080007b0                        . = ALIGN (0x4)
                0x080007b0                        _sidata = LOADADDR (.data)

.rel.dyn        0x080007b0        0x0
 .rel.iplt      0x080007b0        0x0 C:/Users/wassi/OneDrive/Documents/STM32CubeIDE/plugins/com.st.stm32cube.ide.mcu.externaltools.gnu-tools-for-stm32.12.3.rel1.win32_1.1.0.202410251130/tools/bin/../lib/gcc/arm-none-eabi/12.3.1/thumb/v7-m/nofp/crtbegin.o

.data           0x20000000        0x0 load address 0x080007b0
                0x20000000                        . = ALIGN (0x4)
                0x20000000                        _sdata = .
 *(.data)
 *(.data*)
 *(.RamFunc)
 *(.RamFunc*)
                0x20000000                        . = ALIGN (0x4)
                0x20000000                        _edata = .

.igot.plt       0x20000000        0x0 load address 0x080007b0
 .igot.plt      0x20000000        0x0 C:/Users/wassi/OneDrive/Documents/STM32CubeIDE/plugins/com.st.stm32cube.ide.mcu.externaltools.gnu-tools-for-stm32.12.3.rel1.win32_1.1.0.202410251130/tools/bin/../lib/gcc/arm-none-eabi/12.3.1/thumb/v7-m/nofp/crtbegin.o
                0x20000000                        . = ALIGN (0x4)

.bss            0x20000000       0x84 load address 0x080007b0
                0x20000000                        _sbss = .
                0x20000000                        __bss_start__ = _sbss
 *(.bss)
 .bss           0x20000000       0x1c C:/Users/wassi/OneDrive/Documents/STM32CubeIDE/plugins/com.st.stm32cube.ide.mcu.externaltools.gnu-tools-for-stm32.12.3.rel1.win32_1.1.0.202410251130/tools/bin/../lib/gcc/arm-none-eabi/12.3.1/thumb/v7-m/nofp/crtbegin.o
 *(.bss*)
 .bss.rx_ring   0x2000001c       0x42 ./Src/main.o
 *fill*         0x2000005e        0x2 
 .bss.cmd_buf   0x20000060       0x22 ./Src/main.o
 *(COMMON)
                0x20000084                        . = ALIGN (0x4)
 *fill*         0x20000082        0x2 
                0x20000084                        _ebss = .
                0x20000084                        __bss_end__ = _ebss

._user_heap_stack
                0x20000084      0x604 load address 0x080007b0
                0x20000088                        . = ALIGN (0x8)
 *fill*         0x20000084        0x4 
                [!provide]                        PROVIDE (end = .)
                0x20000088                        PROVIDE (_end = .)
                0x20000288                        . = (. + _Min_Heap_Size)
 *fill*         0x20000088      0x200 
                0x20000688                        . = (. + _Min_Stack_Size)
 *fill*         0x20000288      0x400 
                0x20000688                        . = ALIGN (0x8)

/DISCARD/
 libc.a(*)
 libm.a(*)
 libgcc.a(*)

.ARM.attributes
                0x00000000       0x29
 *(.ARM.attributes)
 .ARM.attributes
                0x00000000       0x1d C:/Users/wassi/OneDrive/Documents/STM32CubeIDE/plugins/com.st.stm32cube.ide.mcu.externaltools.gnu-tools-for-stm32.12.3.rel1.win32_1.1.0.202410251130/tools/bin/../lib/gcc/arm-none-eabi/12.3.1/thumb/v7-m/nofp/crti.o
 .ARM.attributes
                0x0000001d       0x2d C:/Users/wassi/OneDrive/Documents/STM32CubeIDE/plugins/com.st.stm32cube.ide.mcu.externaltools.gnu-tools-for-stm32.12.3.rel1.win32_1.1.0.202410251130/tools/bin/../lib/gcc/arm-none-eabi/12.3.1/thumb/v7-m/nofp/crtbegin.o
 .ARM.attributes
                0x0000004a       0x2d ./Src/main.o
 .ARM.attributes
                0x00000077       0x2d ./Src/system_stm32f1xx.o
 .ARM.attributes
                0x000000a4       0x21 ./Startup/startup_stm32f103c8tx.o
 .ARM.attributes
                0x000000c5       0x2d C:/Users/wassi/OneDrive/Documents/STM32CubeIDE/plugins/com.st.stm32cube.ide.mcu.externaltools.gnu-tools-for-stm32.12.3.rel1.win32_1.1.0.202410251130/tools/bin/../lib/gcc/arm-none-eabi/12.3.1/../../../../arm-none-eabi/lib/thumb/v7-m/nofp\libc_nano.a(libc_a-init.o)
 .ARM.attributes
                0x000000f2       0x1b C:/Users/wassi/OneDrive/Documents/STM32CubeIDE/plugins/com.st.stm32cube.ide.mcu.externaltools.gnu-tools-for-stm32.12.3.rel1.win32_1.1.0.202410251130/tools/bin/../lib/gcc/arm-none-eabi/12.3.1/../../../../arm-none-eabi/lib/thumb/v7-m/nofp\libc_nano.a(libc_a-strcmp.o)
 .ARM.attributes
                0x0000010d       0x1d C:/Users/wassi/OneDrive/Documents/STM32CubeIDE/plugins/com.st.stm32cube.ide.mcu.externaltools.gnu-tools-for-stm32.12.3.rel1.win32_1.1.0.202410251130/tools/bin/../lib/gcc/arm-none-eabi/12.3.1/thumb/v7-m/nofp/crtn.o
OUTPUT(UART_communication_avec_pc_sans_hal.elf elf32-littlearm)
LOAD linker stubs
LOAD C:/Users/wassi/OneDrive/Documents/STM32CubeIDE/plugins/com.st.stm32cube.ide.mcu.externaltools.gnu-tools-for-stm32.12.3.rel1.win32_1.1.0.202410251130/tools/bin/../lib/gcc/arm-none-eabi/12.3.1/../../../../arm-none-eabi/lib/thumb/v7-m/nofp\libc.a
LOAD C:/Users/wassi/OneDrive/Documents/STM32CubeIDE/plugins/com.st.stm32cube.ide.mcu.externaltools.gnu-tools-for-stm32.12.3.rel1.win32_1.1.0.202410251130/tools/bin/../lib/gcc/arm-none-eabi/12.3.1/../../../../arm-none-eabi/lib/thumb/v7-m/nofp\libm.a
LOAD C:/Users/wassi/OneDrive/Documents/STM32CubeIDE/plugins/com.st.stm32cube.ide.mcu.externaltools.gnu-tools-for-stm32.12.3.rel1.win32_1.1.0.202410251130/tools/bin/../lib/gcc/arm-none-eabi/12.3.1/thumb/v7-m/nofp\libgcc.a

.debug_info     0x00000000      0xdf3
 .debug_info    0x00000000      0x9dd ./Src/main.o
 .debug_info    0x000009dd      0x3e6 ./Src/system_stm32f1xx.o
 .debug_info    0x00000dc3       0x30 ./Startup/startup_stm32f103c8tx.o

.debug_abbrev   0x00000000      0x439
 .debug_abbrev  0x00000000      0x2d8 ./Src/main.o
 .debug_abbrev  0x000002d8      0x13d ./Src/system_stm32f1xx.o
 .debug_abbrev  0x00000415       0x24 ./Startup/startup_stm32f103c8tx.o

.debug_aranges  0x00000000       0xd8
 .debug_aranges
                0x00000000       0x88 ./Src/main.o
 .debug_aranges
                0x00000088       0x28 ./Src/system_stm32f1xx.o
 .debug_aranges
                0x000000b0       0x28 ./Startup/startup_stm32f103c8tx.o

.debug_rnglists
                0x00000000       0x96
 .debug_rnglists
                0x00000000       0x63 ./Src/main.o
 .debug_rnglists
                0x00000063       0x1a ./Src/system_stm32f1xx.o
 .debug_rnglists
                0x0000007d       0x19 ./Startup/startup_stm32f103c8tx.o

.debug_macro    0x00000000    0x10a4b
 .debug_macro   0x00000000      0x1a8 ./Src/main.o
 .debug_macro   0x000001a8      0xab4 ./Src/main.o
 .debug_macro   0x00000c5c       0x28 ./Src/main.o
 .debug_macro   0x00000c84       0x22 ./Src/main.o
 .debug_macro   0x00000ca6       0x22 ./Src/main.o
 .debug_macro   0x00000cc8       0x8e ./Src/main.o
 .debug_macro   0x00000d56       0x51 ./Src/main.o
 .debug_macro   0x00000da7      0x103 ./Src/main.o
 .debug_macro   0x00000eaa       0x6a ./Src/main.o
 .debug_macro   0x00000f14      0x1df ./Src/main.o
 .debug_macro   0x000010f3       0x1c ./Src/main.o
 .debug_macro   0x0000110f       0x22 ./Src/main.o
 .debug_macro   0x00001131       0xbd ./Src/main.o
 .debug_macro   0x000011ee      0xd23 ./Src/main.o
 .debug_macro   0x00001f11     0xe09e ./Src/main.o
 .debug_macro   0x0000ffaf       0x43 ./Src/main.o
 .debug_macro   0x0000fff2       0x61 ./Src/main.o
 .debug_macro   0x00010053       0x24 ./Src/main.o
 .debug_macro   0x00010077       0x43 ./Src/main.o
 .debug_macro   0x000100ba       0x34 ./Src/main.o
 .debug_macro   0x000100ee      0x189 ./Src/main.o
 .debug_macro   0x00010277       0x16 ./Src/main.o
 .debug_macro   0x0001028d       0x43 ./Src/main.o
 .debug_macro   0x000102d0       0x34 ./Src/main.o
 .debug_macro   0x00010304       0x10 ./Src/main.o
 .debug_macro   0x00010314       0x58 ./Src/main.o
 .debug_macro   0x0001036c       0x8e ./Src/main.o
 .debug_macro   0x000103fa       0x1c ./Src/main.o
 .debug_macro   0x00010416      0x177 ./Src/main.o
 .debug_macro   0x0001058d      0x369 ./Src/main.o
 .debug_macro   0x000108f6       0x10 ./Src/main.o
 .debug_macro   0x00010906       0x35 ./Src/main.o
 .debug_macro   0x0001093b       0x20 ./Src/main.o
 .debug_macro   0x0001095b       0x22 ./Src/main.o
 .debug_macro   0x0001097d       0xce ./Src/system_stm32f1xx.o

.debug_line     0x00000000      0xf9c
 .debug_line    0x00000000      0x9e7 ./Src/main.o
 .debug_line    0x000009e7      0x53a ./Src/system_stm32f1xx.o
 .debug_line    0x00000f21       0x7b ./Startup/startup_stm32f103c8tx.o

.debug_str      0x00000000    0x57aaf
 .debug_str     0x00000000    0x5795b ./Src/main.o
                              0x57caf (size before relaxing)
 .debug_str     0x0005795b      0x115 ./Src/system_stm32f1xx.o
                              0x5438a (size before relaxing)
 .debug_str     0x00057a70       0x3f ./Startup/startup_stm32f103c8tx.o
                                 0xa2 (size before relaxing)

.comment        0x00000000       0x43
 .comment       0x00000000       0x43 ./Src/main.o
                                 0x44 (size before relaxing)
 .comment       0x00000043       0x44 ./Src/system_stm32f1xx.o

.debug_frame    0x00000000      0x2ac
 .debug_frame   0x00000000      0x208 ./Src/main.o
 .debug_frame   0x00000208       0x58 ./Src/system_stm32f1xx.o
 .debug_frame   0x00000260       0x2c C:/Users/wassi/OneDrive/Documents/STM32CubeIDE/plugins/com.st.stm32cube.ide.mcu.externaltools.gnu-tools-for-stm32.12.3.rel1.win32_1.1.0.202410251130/tools/bin/../lib/gcc/arm-none-eabi/12.3.1/../../../../arm-none-eabi/lib/thumb/v7-m/nofp\libc_nano.a(libc_a-init.o)
 .debug_frame   0x0000028c       0x20 C:/Users/wassi/OneDrive/Documents/STM32CubeIDE/plugins/com.st.stm32cube.ide.mcu.externaltools.gnu-tools-for-stm32.12.3.rel1.win32_1.1.0.202410251130/tools/bin/../lib/gcc/arm-none-eabi/12.3.1/../../../../arm-none-eabi/lib/thumb/v7-m/nofp\libc_nano.a(libc_a-strcmp.o)

.debug_line_str
                0x00000000       0x86
 .debug_line_str
                0x00000000       0x86 ./Startup/startup_stm32f103c8tx.o
